Backend/Data_for_forecast/retail_monthly_by_sku_store.csv
year_month,year,month,sku_id,category,qty_sold,promo_flag,promo_store_days,promo_intensity,holiday_days,days_in_month,n_stores,list_price,avg_selling_price
01/01/22,2022,1,SKU0011,GROCERY,11927,1,1,0.011,1,31,3,3.03,3.02
01/02/22,2022,2,SKU0011,GROCERY,12755,1,7,0.083,1,28,3,3.03,2.95
01/03/22,2022,3,SKU0011,GROCERY,18143,1,21,0.226,0,31,3,3.03,2.82
01/04/22,2022,4,SKU0011,GROCERY,18319,1,8,0.089,0,30,3,3.03,2.95
01/05/22,2022,5,SKU0011,GROCERY,22978,1,16,0.172,1,31,3,3.03,2.87
01/06/22,2022,6,SKU0011,GROCERY,21191,1,20,0.222,0,30,3,3.03,2.83
01/07/22,2022,7,SKU0011,GROCERY,16857,1,5,0.054,1,31,3,3.03,2.98
01/08/22,2022,8,SKU0011,GROCERY,17104,1,22,0.237,0,31,3,3.03,2.81
01/09/22,2022,9,SKU0011,GROCERY,15464,1,9,0.1,0,30,3,3.03,2.94
01/10/22,2022,10,SKU0011,GROCERY,19313,1,16,0.172,1,31,3,3.03,2.87
01/11/22,2022,11,SKU0011,GROCERY,14491,0,0,0,1,30,3,3.03,3.03
01/12/22,2022,12,SKU0011,GROCERY,12738,0,0,0,1,31,3,3.03,3.03
01/01/23,2023,1,SKU0011,GROCERY,10947,1,1,0.011,1,31,3,3.03,3.02
01/02/23,2023,2,SKU0011,GROCERY,12926,1,26,0.31,1,28,3,3.03,2.75
01/03/23,2023,3,SKU0011,GROCERY,15780,1,7,0.075,0,31,3,3.03,2.96
01/04/23,2023,4,SKU0011,GROCERY,17725,1,8,0.089,0,30,3,3.03,2.95
01/05/23,2023,5,SKU0011,GROCERY,22183,1,13,0.14,1,31,3,3.03,2.9
01/06/23,2023,6,SKU0011,GROCERY,17525,0,0,0,0,30,3,3.03,3.03
01/07/23,2023,7,SKU0011,GROCERY,18426,1,14,0.151,1,31,3,3.03,2.89
01/08/23,2023,8,SKU0011,GROCERY,17211,1,9,0.097,0,31,3,3.03,2.94
01/09/23,2023,9,SKU0011,GROCERY,19704,1,32,0.356,0,30,3,3.03,2.71
01/10/23,2023,10,SKU0011,GROCERY,16498,1,7,0.075,1,31,3,3.03,2.96
01/11/23,2023,11,SKU0011,GROCERY,14612,0,0,0,1,30,3,3.03,3.03
01/12/23,2023,12,SKU0011,GROCERY,14614,1,13,0.14,1,31,3,3.03,2.9
01/01/24,2024,1,SKU0011,GROCERY,12581,1,8,0.086,1,31,3,3.03,2.95
01/02/24,2024,2,SKU0011,GROCERY,11512,1,11,0.126,1,29,3,3.03,2.91
01/03/24,2024,3,SKU0011,GROCERY,16180,1,13,0.14,0,31,3,3.03,2.9
01/04/24,2024,4,SKU0011,GROCERY,19238,1,14,0.156,0,30,3,3.03,2.89
01/05/24,2024,5,SKU0011,GROCERY,18069,0,0,0,1,31,3,3.03,3.03
01/06/24,2024,6,SKU0011,GROCERY,18005,1,10,0.111,0,30,3,3.03,2.93
01/07/24,2024,7,SKU0011,GROCERY,14808,0,0,0,1,31,3,3.03,3.03
01/08/24,2024,8,SKU0011,GROCERY,15738,1,6,0.065,0,31,3,3.03,2.97
01/09/24,2024,9,SKU0011,GROCERY,16394,1,13,0.144,0,30,3,3.03,2.9
01/10/24,2024,10,SKU0011,GROCERY,14783,1,2,0.022,1,31,3,3.03,3.01
01/11/24,2024,11,SKU0011,GROCERY,16912,1,5,0.056,1,30,3,3.03,2.98
01/12/24,2024,12,SKU0011,GROCERY,14147,1,16,0.172,1,31,3,3.03,2.87
01/01/25,2025,1,SKU0011,GROCERY,12086,1,6,0.065,1,31,3,3.03,2.97
01/02/25,2025,2,SKU0011,GROCERY,13032,1,22,0.262,1,28,3,3.03,2.79
01/03/25,2025,3,SKU0011,GROCERY,13978,0,0,0,0,31,3,3.03,3.03
01/04/25,2025,4,SKU0011,GROCERY,16350,0,0,0,0,30,3,3.03,3.03
01/05/25,2025,5,SKU0011,GROCERY,18754,0,0,0,1,31,3,3.03,3.03
01/06/25,2025,6,SKU0011,GROCERY,17104,0,0,0,0,30,3,3.03,3.03
01/07/25,2025,7,SKU0011,GROCERY,16774,1,7,0.075,1,31,3,3.03,2.96
01/08/25,2025,8,SKU0011,GROCERY,19279,1,24,0.258,0,31,3,3.03,2.8
01/09/25,2025,9,SKU0011,GROCERY,15420,1,11,0.122,0,30,3,3.03,2.92
01/10/25,2025,10,SKU0011,GROCERY,17030,1,8,0.086,1,31,3,3.03,2.95
01/11/25,2025,11,SKU0011,GROCERY,14583,0,0,0,1,30,3,3.03,3.03
01/12/25,2025,12,SKU0011,GROCERY,13256,1,6,0.065,1,31,3,3.03,2.97
01/01/22,2022,1,SKU0012,GROCERY,15829,0,0,0,1,31,3,20.5,20.5
01/02/22,2022,2,SKU0012,GROCERY,14895,0,0,0,1,28,3,20.5,20.5
01/03/22,2022,3,SKU0012,GROCERY,22292,1,6,0.065,0,31,3,20.5,20.1
01/04/22,2022,4,SKU0012,GROCERY,22893,0,0,0,0,30,3,20.5,20.5
01/05/22,2022,5,SKU0012,GROCERY,30990,1,11,0.118,1,31,3,20.5,19.77
01/06/22,2022,6,SKU0012,GROCERY,27976,1,12,0.133,0,30,3,20.5,19.68
01/07/22,2022,7,SKU0012,GROCERY,28644,1,19,0.204,1,31,3,20.5,19.24
01/08/22,2022,8,SKU0012,GROCERY,26734,1,15,0.161,0,31,3,20.5,19.51
01/09/22,2022,9,SKU0012,GROCERY,22701,0,0,0,0,30,3,20.5,20.5
01/10/22,2022,10,SKU0012,GROCERY,23096,0,0,0,1,31,3,20.5,20.5
01/11/22,2022,11,SKU0012,GROCERY,24597,1,5,0.056,1,30,3,20.5,20.16
01/12/22,2022,12,SKU0012,GROCERY,22496,1,12,0.129,1,31,3,20.5,19.71
01/01/23,2023,1,SKU0012,GROCERY,20983,1,15,0.161,1,31,3,20.5,19.51
01/02/23,2023,2,SKU0012,GROCERY,19132,1,12,0.143,1,28,3,20.5,19.62
01/03/23,2023,3,SKU0012,GROCERY,24392,1,7,0.075,0,31,3,20.5,20.04
01/04/23,2023,4,SKU0012,GROCERY,33672,1,14,0.156,0,30,3,20.5,19.54
01/05/23,2023,5,SKU0012,GROCERY,33759,1,10,0.108,1,31,3,20.5,19.84
01/06/23,2023,6,SKU0012,GROCERY,36688,1,22,0.244,0,30,3,20.5,19
01/07/23,2023,7,SKU0012,GROCERY,31365,1,11,0.118,1,31,3,20.5,19.77
01/08/23,2023,8,SKU0012,GROCERY,31189,1,15,0.161,0,31,3,20.5,19.51
01/09/23,2023,9,SKU0012,GROCERY,28408,1,8,0.089,0,30,3,20.5,19.95
01/10/23,2023,10,SKU0012,GROCERY,29794,1,10,0.108,1,31,3,20.5,19.84
01/11/23,2023,11,SKU0012,GROCERY,33229,1,16,0.178,1,30,3,20.5,19.41
01/12/23,2023,12,SKU0012,GROCERY,25998,1,7,0.075,1,31,3,20.5,20.04
01/01/24,2024,1,SKU0012,GROCERY,20778,0,0,0,1,31,3,20.5,20.5
01/02/24,2024,2,SKU0012,GROCERY,21079,1,2,0.023,1,29,3,20.5,20.36
01/03/24,2024,3,SKU0012,GROCERY,37321,1,29,0.312,0,31,3,20.5,18.58
01/04/24,2024,4,SKU0012,GROCERY,36883,1,20,0.222,0,30,3,20.5,19.13
01/05/24,2024,5,SKU0012,GROCERY,37149,0,0,0,1,31,3,20.5,20.5
01/06/24,2024,6,SKU0012,GROCERY,36866,0,0,0,0,30,3,20.5,20.5
01/07/24,2024,7,SKU0012,GROCERY,34301,1,11,0.118,1,31,3,20.5,19.77
01/08/24,2024,8,SKU0012,GROCERY,30299,1,5,0.054,0,31,3,20.5,20.17
01/09/24,2024,9,SKU0012,GROCERY,36546,1,15,0.167,0,30,3,20.5,19.48
01/10/24,2024,10,SKU0012,GROCERY,32554,1,5,0.054,1,31,3,20.5,20.17
01/11/24,2024,11,SKU0012,GROCERY,33913,1,8,0.089,1,30,3,20.5,19.95
01/12/24,2024,12,SKU0012,GROCERY,31147,1,14,0.151,1,31,3,20.5,19.57
01/01/25,2025,1,SKU0012,GROCERY,26304,1,16,0.172,1,31,3,20.5,19.44
01/02/25,2025,2,SKU0012,GROCERY,22234,0,0,0,1,28,3,20.5,20.5
01/03/25,2025,3,SKU0012,GROCERY,31706,1,8,0.086,0,31,3,20.5,19.97
01/04/25,2025,4,SKU0012,GROCERY,41253,1,6,0.067,0,30,3,20.5,20.09
01/05/25,2025,5,SKU0012,GROCERY,40494,0,0,0,1,31,3,20.5,20.5
01/06/25,2025,6,SKU0012,GROCERY,37367,0,0,0,0,30,3,20.5,20.5
01/07/25,2025,7,SKU0012,GROCERY,35279,0,0,0,1,31,3,20.5,20.5
01/08/25,2025,8,SKU0012,GROCERY,39835,1,16,0.172,0,31,3,20.5,19.44
01/09/25,2025,9,SKU0012,GROCERY,32846,0,0,0,0,30,3,20.5,20.5
01/10/25,2025,10,SKU0012,GROCERY,42769,1,13,0.14,1,31,3,20.5,19.64
01/11/25,2025,11,SKU0012,GROCERY,37646,1,9,0.1,1,30,3,20.5,19.89
01/12/25,2025,12,SKU0012,GROCERY,32781,1,12,0.129,1,31,3,20.5,19.71
01/01/22,2022,1,SKU0013,GROCERY,8856,1,11,0.118,1,31,3,17.58,16.96
01/02/22,2022,2,SKU0013,GROCERY,8717,1,10,0.119,1,28,3,17.58,16.95
01/03/22,2022,3,SKU0013,GROCERY,10680,1,10,0.108,0,31,3,17.58,17.01
01/04/22,2022,4,SKU0013,GROCERY,13006,1,4,0.044,0,30,3,17.58,17.35
01/05/22,2022,5,SKU0013,GROCERY,15741,1,14,0.151,1,31,3,17.58,16.79
01/06/22,2022,6,SKU0013,GROCERY,12326,0,0,0,0,30,3,17.58,17.58
01/07/22,2022,7,SKU0013,GROCERY,11489,0,0,0,1,31,3,17.58,17.58
01/08/22,2022,8,SKU0013,GROCERY,12496,1,13,0.14,0,31,3,17.58,16.84
01/09/22,2022,9,SKU0013,GROCERY,9656,1,10,0.111,0,30,3,17.58,16.99
01/10/22,2022,10,SKU0013,GROCERY,10801,0,0,0,1,31,3,17.58,17.58
01/11/22,2022,11,SKU0013,GROCERY,9819,0,0,0,1,30,3,17.58,17.58
01/12/22,2022,12,SKU0013,GROCERY,10313,1,8,0.086,1,31,3,17.58,17.13
01/01/23,2023,1,SKU0013,GROCERY,7789,0,0,0,1,31,3,17.58,17.58
01/02/23,2023,2,SKU0013,GROCERY,8642,1,25,0.298,1,28,3,17.58,16.01
01/03/23,2023,3,SKU0013,GROCERY,9935,1,5,0.054,0,31,3,17.58,17.3
01/04/23,2023,4,SKU0013,GROCERY,12287,1,7,0.078,0,30,3,17.58,17.17
01/05/23,2023,5,SKU0013,GROCERY,12979,0,0,0,1,31,3,17.58,17.58
01/06/23,2023,6,SKU0013,GROCERY,11871,1,4,0.044,0,30,3,17.58,17.35
01/07/23,2023,7,SKU0013,GROCERY,11290,1,7,0.075,1,31,3,17.58,17.18
01/08/23,2023,8,SKU0013,GROCERY,9653,0,0,0,0,31,3,17.58,17.58
01/09/23,2023,9,SKU0013,GROCERY,10216,1,4,0.044,0,30,3,17.58,17.35
01/10/23,2023,10,SKU0013,GROCERY,10204,1,10,0.108,1,31,3,17.58,17.01
01/11/23,2023,11,SKU0013,GROCERY,9655,1,1,0.011,1,30,3,17.58,17.52
01/12/23,2023,12,SKU0013,GROCERY,8997,1,13,0.14,1,31,3,17.58,16.84
01/01/24,2024,1,SKU0013,GROCERY,7457,0,0,0,1,31,3,17.58,17.58
01/02/24,2024,2,SKU0013,GROCERY,7210,0,0,0,1,29,3,17.58,17.58
01/03/24,2024,3,SKU0013,GROCERY,10000,0,0,0,0,31,3,17.58,17.58
01/04/24,2024,4,SKU0013,GROCERY,11237,0,0,0,0,30,3,17.58,17.58
01/05/24,2024,5,SKU0013,GROCERY,12990,1,12,0.129,1,31,3,17.58,16.9
01/06/24,2024,6,SKU0013,GROCERY,15343,1,20,0.222,0,30,3,17.58,16.41
01/07/24,2024,7,SKU0013,GROCERY,10015,0,0,0,1,31,3,17.58,17.58
01/08/24,2024,8,SKU0013,GROCERY,10855,1,6,0.065,0,31,3,17.58,17.24
01/09/24,2024,9,SKU0013,GROCERY,9711,0,0,0,0,30,3,17.58,17.58
01/10/24,2024,10,SKU0013,GROCERY,9788,0,0,0,1,31,3,17.58,17.58
01/11/24,2024,11,SKU0013,GROCERY,9861,0,0,0,1,30,3,17.58,17.58
01/12/24,2024,12,SKU0013,GROCERY,8587,1,7,0.075,1,31,3,17.58,17.18
01/01/25,2025,1,SKU0013,GROCERY,7251,0,0,0,1,31,3,17.58,17.58
01/02/25,2025,2,SKU0013,GROCERY,6538,0,0,0,1,28,3,17.58,17.58
01/03/25,2025,3,SKU0013,GROCERY,10126,1,16,0.172,0,31,3,17.58,16.67
01/04/25,2025,4,SKU0013,GROCERY,12311,1,9,0.1,0,30,3,17.58,17.05
01/05/25,2025,5,SKU0013,GROCERY,14144,1,18,0.194,1,31,3,17.58,16.56
01/06/25,2025,6,SKU0013,GROCERY,11545,1,6,0.067,0,30,3,17.58,17.23
01/07/25,2025,7,SKU0013,GROCERY,11704,1,8,0.086,1,31,3,17.58,17.13
01/08/25,2025,8,SKU0013,GROCERY,11321,1,12,0.129,0,31,3,17.58,16.9
01/09/25,2025,9,SKU0013,GROCERY,9946,1,7,0.078,0,30,3,17.58,17.17
01/10/25,2025,10,SKU0013,GROCERY,9682,0,0,0,1,31,3,17.58,17.58
01/11/25,2025,11,SKU0013,GROCERY,10363,1,15,0.167,1,30,3,17.58,16.7
01/12/25,2025,12,SKU0013,GROCERY,8522,0,0,0,1,31,3,17.58,17.58
01/01/22,2022,1,SKU0014,GROCERY,9834,0,0,0,1,31,3,13.14,13.14
01/02/22,2022,2,SKU0014,GROCERY,9158,1,1,0.012,1,28,3,13.14,13.09
01/03/22,2022,3,SKU0014,GROCERY,14238,1,16,0.172,0,31,3,13.14,12.46
01/04/22,2022,4,SKU0014,GROCERY,16924,1,23,0.256,0,30,3,13.14,12.13
01/05/22,2022,5,SKU0014,GROCERY,16854,1,8,0.086,1,31,3,13.14,12.8
01/06/22,2022,6,SKU0014,GROCERY,15936,1,12,0.133,0,30,3,13.14,12.61
01/07/22,2022,7,SKU0014,GROCERY,13591,0,0,0,1,31,3,13.14,13.14
01/08/22,2022,8,SKU0014,GROCERY,14271,1,12,0.129,0,31,3,13.14,12.63
01/09/22,2022,9,SKU0014,GROCERY,12634,1,10,0.111,0,30,3,13.14,12.7
01/10/22,2022,10,SKU0014,GROCERY,13119,1,7,0.075,1,31,3,13.14,12.84
01/11/22,2022,11,SKU0014,GROCERY,12620,1,12,0.133,1,30,3,13.14,12.61
01/12/22,2022,12,SKU0014,GROCERY,12868,1,14,0.151,1,31,3,13.14,12.55
01/01/23,2023,1,SKU0014,GROCERY,11308,1,22,0.237,1,31,3,13.14,12.21
01/02/23,2023,2,SKU0014,GROCERY,10580,1,12,0.143,1,28,3,13.14,12.58
01/03/23,2023,3,SKU0014,GROCERY,11446,0,0,0,0,31,3,13.14,13.14
01/04/23,2023,4,SKU0014,GROCERY,15312,1,10,0.111,0,30,3,13.14,12.7
01/05/23,2023,5,SKU0014,GROCERY,15077,0,0,0,1,31,3,13.14,13.14
01/06/23,2023,6,SKU0014,GROCERY,14845,1,1,0.011,0,30,3,13.14,13.1
01/07/23,2023,7,SKU0014,GROCERY,19185,1,32,0.344,1,31,3,13.14,11.78
01/08/23,2023,8,SKU0014,GROCERY,13924,1,10,0.108,0,31,3,13.14,12.72
01/09/23,2023,9,SKU0014,GROCERY,11411,0,0,0,0,30,3,13.14,13.14
01/10/23,2023,10,SKU0014,GROCERY,12947,1,11,0.118,1,31,3,13.14,12.67
01/11/23,2023,11,SKU0014,GROCERY,14193,1,13,0.144,1,30,3,13.14,12.57
01/12/23,2023,12,SKU0014,GROCERY,11296,0,0,0,1,31,3,13.14,13.14
01/01/24,2024,1,SKU0014,GROCERY,9437,1,13,0.14,1,31,3,13.14,12.59
01/02/24,2024,2,SKU0014,GROCERY,9385,1,4,0.046,1,29,3,13.14,12.96
01/03/24,2024,3,SKU0014,GROCERY,14185,1,20,0.215,0,31,3,13.14,12.29
01/04/24,2024,4,SKU0014,GROCERY,13598,1,1,0.011,0,30,3,13.14,13.1
01/05/24,2024,5,SKU0014,GROCERY,16946,1,18,0.194,1,31,3,13.14,12.38
01/06/24,2024,6,SKU0014,GROCERY,14993,1,6,0.067,0,30,3,13.14,12.88
01/07/24,2024,7,SKU0014,GROCERY,13367,1,11,0.118,1,31,3,13.14,12.67
01/08/24,2024,8,SKU0014,GROCERY,11929,1,5,0.054,0,31,3,13.14,12.93
01/09/24,2024,9,SKU0014,GROCERY,11790,1,6,0.067,0,30,3,13.14,12.88
01/10/24,2024,10,SKU0014,GROCERY,12164,1,6,0.065,1,31,3,13.14,12.89
01/11/24,2024,11,SKU0014,GROCERY,11978,1,5,0.056,1,30,3,13.14,12.92
01/12/24,2024,12,SKU0014,GROCERY,10819,1,10,0.108,1,31,3,13.14,12.72
01/01/25,2025,1,SKU0014,GROCERY,8957,1,6,0.065,1,31,3,13.14,12.89
01/02/25,2025,2,SKU0014,GROCERY,9242,1,11,0.131,1,28,3,13.14,12.62
01/03/25,2025,3,SKU0014,GROCERY,12055,1,7,0.075,0,31,3,13.14,12.84
01/04/25,2025,4,SKU0014,GROCERY,16876,1,19,0.211,0,30,3,13.14,12.31
01/05/25,2025,5,SKU0014,GROCERY,14863,0,0,0,1,31,3,13.14,13.14
01/06/25,2025,6,SKU0014,GROCERY,14169,1,5,0.056,0,30,3,13.14,12.92
01/07/25,2025,7,SKU0014,GROCERY,12897,1,5,0.054,1,31,3,13.14,12.93
01/08/25,2025,8,SKU0014,GROCERY,11766,1,7,0.075,0,31,3,13.14,12.84
01/09/25,2025,9,SKU0014,GROCERY,12087,1,11,0.122,0,30,3,13.14,12.66
01/10/25,2025,10,SKU0014,GROCERY,12757,1,7,0.075,1,31,3,13.14,12.84
01/11/25,2025,11,SKU0014,GROCERY,11619,0,0,0,1,30,3,13.14,13.14
01/12/25,2025,12,SKU0014,GROCERY,11482,1,10,0.108,1,31,3,13.14,12.72
01/01/22,2022,1,SKU0015,GROCERY,6179,1,23,0.247,1,31,3,7.58,7.02
01/02/22,2022,2,SKU0015,GROCERY,4977,1,3,0.036,1,28,3,7.58,7.5
01/03/22,2022,3,SKU0015,GROCERY,6855,1,14,0.151,0,31,3,7.58,7.24
01/04/22,2022,4,SKU0015,GROCERY,8655,1,11,0.122,0,30,3,7.58,7.3
01/05/22,2022,5,SKU0015,GROCERY,8326,0,0,0,1,31,3,7.58,7.58
01/06/22,2022,6,SKU0015,GROCERY,8710,1,9,0.1,0,30,3,7.58,7.35
01/07/22,2022,7,SKU0015,GROCERY,7974,1,6,0.065,1,31,3,7.58,7.43
01/08/22,2022,8,SKU0015,GROCERY,7448,1,11,0.118,0,31,3,7.58,7.31
01/09/22,2022,9,SKU0015,GROCERY,7218,1,3,0.033,0,30,3,7.58,7.5
01/10/22,2022,10,SKU0015,GROCERY,7859,1,12,0.129,1,31,3,7.58,7.29
01/11/22,2022,11,SKU0015,GROCERY,6885,1,4,0.044,1,30,3,7.58,7.48
01/12/22,2022,12,SKU0015,GROCERY,6633,1,6,0.065,1,31,3,7.58,7.43
01/01/23,2023,1,SKU0015,GROCERY,5800,1,7,0.075,1,31,3,7.58,7.41
01/02/23,2023,2,SKU0015,GROCERY,5316,0,0,0,1,28,3,7.58,7.58
01/03/23,2023,3,SKU0015,GROCERY,8634,1,15,0.161,0,31,3,7.58,7.21
01/04/23,2023,4,SKU0015,GROCERY,10149,1,10,0.111,0,30,3,7.58,7.33
01/05/23,2023,5,SKU0015,GROCERY,10163,1,14,0.151,1,31,3,7.58,7.24
01/06/23,2023,6,SKU0015,GROCERY,10042,1,8,0.089,0,30,3,7.58,7.38
01/07/23,2023,7,SKU0015,GROCERY,9479,1,13,0.14,1,31,3,7.58,7.26
01/08/23,2023,8,SKU0015,GROCERY,8742,1,12,0.129,0,31,3,7.58,7.29
01/09/23,2023,9,SKU0015,GROCERY,7748,1,2,0.022,0,30,3,7.58,7.53
01/10/23,2023,10,SKU0015,GROCERY,9927,1,22,0.237,1,31,3,7.58,7.04
01/11/23,2023,11,SKU0015,GROCERY,8430,1,6,0.067,1,30,3,7.58,7.43
01/12/23,2023,12,SKU0015,GROCERY,7406,0,0,0,1,31,3,7.58,7.58
01/01/24,2024,1,SKU0015,GROCERY,6413,1,9,0.097,1,31,3,7.58,7.36
01/02/24,2024,2,SKU0015,GROCERY,8364,1,25,0.287,1,29,3,7.58,6.93
01/03/24,2024,3,SKU0015,GROCERY,9391,1,13,0.14,0,31,3,7.58,7.26
01/04/24,2024,4,SKU0015,GROCERY,10740,1,7,0.078,0,30,3,7.58,7.4
01/05/24,2024,5,SKU0015,GROCERY,10923,0,0,0,1,31,3,7.58,7.58
01/06/24,2024,6,SKU0015,GROCERY,10780,1,8,0.089,0,30,3,7.58,7.38
01/07/24,2024,7,SKU0015,GROCERY,11301,1,13,0.14,1,31,3,7.58,7.26
01/08/24,2024,8,SKU0015,GROCERY,8595,0,0,0,0,31,3,7.58,7.58
01/09/24,2024,9,SKU0015,GROCERY,9182,0,0,0,0,30,3,7.58,7.58
01/10/24,2024,10,SKU0015,GROCERY,8590,0,0,0,1,31,3,7.58,7.58
01/11/24,2024,11,SKU0015,GROCERY,10624,1,13,0.144,1,30,3,7.58,7.25
01/12/24,2024,12,SKU0015,GROCERY,8647,1,7,0.075,1,31,3,7.58,7.41
01/01/25,2025,1,SKU0015,GROCERY,7653,1,13,0.14,1,31,3,7.58,7.26
01/02/25,2025,2,SKU0015,GROCERY,7156,1,4,0.048,1,28,3,7.58,7.47
01/03/25,2025,3,SKU0015,GROCERY,9091,0,0,0,0,31,3,7.58,7.58
01/04/25,2025,4,SKU0015,GROCERY,10390,0,0,0,0,30,3,7.58,7.58
01/05/25,2025,5,SKU0015,GROCERY,14101,1,13,0.14,1,31,3,7.58,7.26
01/06/25,2025,6,SKU0015,GROCERY,14166,1,20,0.222,0,30,3,7.58,7.08
01/07/25,2025,7,SKU0015,GROCERY,10916,1,5,0.054,1,31,3,7.58,7.46
01/08/25,2025,8,SKU0015,GROCERY,12770,1,24,0.258,0,31,3,7.58,6.99
01/09/25,2025,9,SKU0015,GROCERY,10498,1,9,0.1,0,30,3,7.58,7.35
01/10/25,2025,10,SKU0015,GROCERY,12059,1,15,0.161,1,31,3,7.58,7.21
01/11/25,2025,11,SKU0015,GROCERY,10177,0,0,0,1,30,3,7.58,7.58
01/12/25,2025,12,SKU0015,GROCERY,10398,1,12,0.129,1,31,3,7.58,7.29
