Backend/Data_for_forecast/retail_monthly_by_sku_store.csv
year_month,year,month,sku_id,category,qty_sold,promo_flag,promo_store_days,promo_intensity,holiday_days,days_in_month,n_stores,list_price,avg_selling_price
01/01/22,2022,1,SKU0016,GROCERY,11784,0,0,0,1,31,3,13.72,13.72
01/02/22,2022,2,SKU0016,GROCERY,12352,1,9,0.107,1,28,3,13.72,13.28
01/03/22,2022,3,SKU0016,GROCERY,15618,0,0,0,0,31,3,13.72,13.72
01/04/22,2022,4,SKU0016,GROCERY,20888,1,13,0.144,0,30,3,13.72,13.12
01/05/22,2022,5,SKU0016,GROCERY,22227,1,7,0.075,1,31,3,13.72,13.41
01/06/22,2022,6,SKU0016,GROCERY,19341,1,9,0.1,0,30,3,13.72,13.31
01/07/22,2022,7,SKU0016,GROCERY,18711,1,5,0.054,1,31,3,13.72,13.5
01/08/22,2022,8,SKU0016,GROCERY,16072,0,0,0,0,31,3,13.72,13.72
01/09/22,2022,9,SKU0016,GROCERY,15693,0,0,0,0,30,3,13.72,13.72
01/10/22,2022,10,SKU0016,GROCERY,16789,0,0,0,1,31,3,13.72,13.72
01/11/22,2022,11,SKU0016,GROCERY,17727,1,13,0.144,1,30,3,13.72,13.12
01/12/22,2022,12,SKU0016,GROCERY,15404,1,7,0.075,1,31,3,13.72,13.41
01/01/23,2023,1,SKU0016,GROCERY,12497,1,2,0.022,1,31,3,13.72,13.63
01/02/23,2023,2,SKU0016,GROCERY,12365,1,8,0.095,1,28,3,13.72,13.33
01/03/23,2023,3,SKU0016,GROCERY,15868,0,0,0,0,31,3,13.72,13.72
01/04/23,2023,4,SKU0016,GROCERY,22046,1,19,0.211,0,30,3,13.72,12.85
01/05/23,2023,5,SKU0016,GROCERY,22643,1,10,0.108,1,31,3,13.72,13.28
01/06/23,2023,6,SKU0016,GROCERY,19078,1,2,0.022,0,30,3,13.72,13.63
01/07/23,2023,7,SKU0016,GROCERY,23075,1,14,0.151,1,31,3,13.72,13.1
01/08/23,2023,8,SKU0016,GROCERY,15595,0,0,0,0,31,3,13.72,13.72
01/09/23,2023,9,SKU0016,GROCERY,17722,1,4,0.044,0,30,3,13.72,13.54
01/10/23,2023,10,SKU0016,GROCERY,17973,1,6,0.065,1,31,3,13.72,13.45
01/11/23,2023,11,SKU0016,GROCERY,18395,1,12,0.133,1,30,3,13.72,13.17
01/12/23,2023,12,SKU0016,GROCERY,16733,1,18,0.194,1,31,3,13.72,12.92
01/01/24,2024,1,SKU0016,GROCERY,12712,1,2,0.022,1,31,3,13.72,13.63
01/02/24,2024,2,SKU0016,GROCERY,15328,1,23,0.264,1,29,3,13.72,12.63
01/03/24,2024,3,SKU0016,GROCERY,17495,1,4,0.043,0,31,3,13.72,13.54
01/04/24,2024,4,SKU0016,GROCERY,23360,1,13,0.144,0,30,3,13.72,13.12
01/05/24,2024,5,SKU0016,GROCERY,20984,0,0,0,1,31,3,13.72,13.72
01/06/24,2024,6,SKU0016,GROCERY,21572,1,7,0.078,0,30,3,13.72,13.4
01/07/24,2024,7,SKU0016,GROCERY,19983,1,10,0.108,1,31,3,13.72,13.28
01/08/24,2024,8,SKU0016,GROCERY,18309,1,8,0.086,0,31,3,13.72,13.37
01/09/24,2024,9,SKU0016,GROCERY,16083,1,3,0.033,0,30,3,13.72,13.58
01/10/24,2024,10,SKU0016,GROCERY,18837,1,14,0.151,1,31,3,13.72,13.1
01/11/24,2024,11,SKU0016,GROCERY,19013,1,16,0.178,1,30,3,13.72,12.99
01/12/24,2024,12,SKU0016,GROCERY,16963,1,9,0.097,1,31,3,13.72,13.32
01/01/25,2025,1,SKU0016,GROCERY,12680,0,0,0,1,31,3,13.72,13.72
01/02/25,2025,2,SKU0016,GROCERY,12124,0,0,0,1,28,3,13.72,13.72
01/03/25,2025,3,SKU0016,GROCERY,18125,1,8,0.086,0,31,3,13.72,13.37
01/04/25,2025,4,SKU0016,GROCERY,20135,1,8,0.089,0,30,3,13.72,13.35
01/05/25,2025,5,SKU0016,GROCERY,24850,1,16,0.172,1,31,3,13.72,13.01
01/06/25,2025,6,SKU0016,GROCERY,24885,1,29,0.322,0,30,3,13.72,12.39
01/07/25,2025,7,SKU0016,GROCERY,18257,0,0,0,1,31,3,13.72,13.72
01/08/25,2025,8,SKU0016,GROCERY,17477,0,0,0,0,31,3,13.72,13.72
01/09/25,2025,9,SKU0016,GROCERY,17646,1,12,0.133,0,30,3,13.72,13.17
01/10/25,2025,10,SKU0016,GROCERY,19444,1,10,0.108,1,31,3,13.72,13.28
01/11/25,2025,11,SKU0016,GROCERY,18523,1,3,0.033,1,30,3,13.72,13.58
01/12/25,2025,12,SKU0016,GROCERY,16932,1,7,0.075,1,31,3,13.72,13.41
01/01/22,2022,1,SKU0017,GROCERY,11664,0,0,0,1,31,3,24.29,24.29
01/02/22,2022,2,SKU0017,GROCERY,9914,1,3,0.036,1,28,3,24.29,24.03
01/03/22,2022,3,SKU0017,GROCERY,15917,1,19,0.204,0,31,3,24.29,22.8
01/04/22,2022,4,SKU0017,GROCERY,15880,0,0,0,0,30,3,24.29,24.29
01/05/22,2022,5,SKU0017,GROCERY,20352,1,12,0.129,1,31,3,24.29,23.35
01/06/22,2022,6,SKU0017,GROCERY,17123,1,8,0.089,0,30,3,24.29,23.64
01/07/22,2022,7,SKU0017,GROCERY,16921,1,11,0.118,1,31,3,24.29,23.43
01/08/22,2022,8,SKU0017,GROCERY,13792,1,1,0.011,0,31,3,24.29,24.21
01/09/22,2022,9,SKU0017,GROCERY,13346,0,0,0,0,30,3,24.29,24.29
01/10/22,2022,10,SKU0017,GROCERY,15821,1,12,0.129,1,31,3,24.29,23.35
01/11/22,2022,11,SKU0017,GROCERY,14515,1,7,0.078,1,30,3,24.29,23.72
01/12/22,2022,12,SKU0017,GROCERY,16137,1,25,0.269,1,31,3,24.29,22.33
01/01/23,2023,1,SKU0017,GROCERY,11162,1,3,0.032,1,31,3,24.29,24.05
01/02/23,2023,2,SKU0017,GROCERY,11174,1,13,0.155,1,28,3,24.29,23.16
01/03/23,2023,3,SKU0017,GROCERY,12523,0,0,0,0,31,3,24.29,24.29
01/04/23,2023,4,SKU0017,GROCERY,18942,1,21,0.233,0,30,3,24.29,22.59
01/05/23,2023,5,SKU0017,GROCERY,21813,1,33,0.355,1,31,3,24.29,21.7
01/06/23,2023,6,SKU0017,GROCERY,16445,0,0,0,0,30,3,24.29,24.29
01/07/23,2023,7,SKU0017,GROCERY,15250,0,0,0,1,31,3,24.29,24.29
01/08/23,2023,8,SKU0017,GROCERY,14689,1,7,0.075,0,31,3,24.29,23.74
01/09/23,2023,9,SKU0017,GROCERY,14320,1,8,0.089,0,30,3,24.29,23.64
01/10/23,2023,10,SKU0017,GROCERY,14962,1,6,0.065,1,31,3,24.29,23.82
01/11/23,2023,11,SKU0017,GROCERY,16776,1,13,0.144,1,30,3,24.29,23.24
01/12/23,2023,12,SKU0017,GROCERY,13954,1,14,0.151,1,31,3,24.29,23.19
01/01/24,2024,1,SKU0017,GROCERY,11647,1,5,0.054,1,31,3,24.29,23.9
01/02/24,2024,2,SKU0017,GROCERY,11156,1,7,0.08,1,29,3,24.29,23.7
01/03/24,2024,3,SKU0017,GROCERY,14149,0,0,0,0,31,3,24.29,24.29
01/04/24,2024,4,SKU0017,GROCERY,15584,0,0,0,0,30,3,24.29,24.29
01/05/24,2024,5,SKU0017,GROCERY,18462,1,5,0.054,1,31,3,24.29,23.9
01/06/24,2024,6,SKU0017,GROCERY,16628,1,3,0.033,0,30,3,24.29,24.05
01/07/24,2024,7,SKU0017,GROCERY,15839,1,8,0.086,1,31,3,24.29,23.66
01/08/24,2024,8,SKU0017,GROCERY,18283,1,33,0.355,0,31,3,24.29,21.7
01/09/24,2024,9,SKU0017,GROCERY,13939,1,1,0.011,0,30,3,24.29,24.21
01/10/24,2024,10,SKU0017,GROCERY,18547,1,30,0.323,1,31,3,24.29,21.94
01/11/24,2024,11,SKU0017,GROCERY,14104,1,7,0.078,1,30,3,24.29,23.72
01/12/24,2024,12,SKU0017,GROCERY,12488,1,7,0.075,1,31,3,24.29,23.74
01/01/25,2025,1,SKU0017,GROCERY,10680,1,4,0.043,1,31,3,24.29,23.98
01/02/25,2025,2,SKU0017,GROCERY,10047,0,0,0,1,28,3,24.29,24.29
01/03/25,2025,3,SKU0017,GROCERY,15616,1,15,0.161,0,31,3,24.29,23.11
01/04/25,2025,4,SKU0017,GROCERY,15781,1,5,0.056,0,30,3,24.29,23.88
01/05/25,2025,5,SKU0017,GROCERY,19258,1,10,0.108,1,31,3,24.29,23.51
01/06/25,2025,6,SKU0017,GROCERY,18133,1,14,0.156,0,30,3,24.29,23.16
01/07/25,2025,7,SKU0017,GROCERY,15795,1,4,0.043,1,31,3,24.29,23.98
01/08/25,2025,8,SKU0017,GROCERY,14180,0,0,0,0,31,3,24.29,24.29
01/09/25,2025,9,SKU0017,GROCERY,13557,1,6,0.067,0,30,3,24.29,23.8
01/10/25,2025,10,SKU0017,GROCERY,13566,0,0,0,1,31,3,24.29,24.29
01/11/25,2025,11,SKU0017,GROCERY,15671,1,7,0.078,1,30,3,24.29,23.72
01/12/25,2025,12,SKU0017,GROCERY,13039,1,15,0.161,1,31,3,24.29,23.11
01/01/22,2022,1,SKU0018,GROCERY,13953,1,4,0.043,1,31,3,22.53,22.24
01/02/22,2022,2,SKU0018,GROCERY,13980,1,6,0.071,1,28,3,22.53,22.05
01/03/22,2022,3,SKU0018,GROCERY,18130,1,6,0.065,0,31,3,22.53,22.09
01/04/22,2022,4,SKU0018,GROCERY,22847,1,7,0.078,0,30,3,22.53,22
01/05/22,2022,5,SKU0018,GROCERY,26664,1,6,0.065,1,31,3,22.53,22.09
01/06/22,2022,6,SKU0018,GROCERY,25167,1,15,0.167,0,30,3,22.53,21.4
01/07/22,2022,7,SKU0018,GROCERY,22201,1,4,0.043,1,31,3,22.53,22.24
01/08/22,2022,8,SKU0018,GROCERY,21254,1,5,0.054,0,31,3,22.53,22.17
01/09/22,2022,9,SKU0018,GROCERY,22058,1,19,0.211,0,30,3,22.53,21.1
01/10/22,2022,10,SKU0018,GROCERY,20654,1,3,0.032,1,31,3,22.53,22.31
01/11/22,2022,11,SKU0018,GROCERY,24530,1,23,0.256,1,30,3,22.53,20.8
01/12/22,2022,12,SKU0018,GROCERY,19319,1,2,0.022,1,31,3,22.53,22.38
01/01/23,2023,1,SKU0018,GROCERY,18745,1,14,0.151,1,31,3,22.53,21.51
01/02/23,2023,2,SKU0018,GROCERY,14151,0,0,0,1,28,3,22.53,22.53
01/03/23,2023,3,SKU0018,GROCERY,25809,1,21,0.226,0,31,3,22.53,21
01/04/23,2023,4,SKU0018,GROCERY,24089,0,0,0,0,30,3,22.53,22.53
01/05/23,2023,5,SKU0018,GROCERY,28431,1,1,0.011,1,31,3,22.53,22.46
01/06/23,2023,6,SKU0018,GROCERY,32214,1,19,0.211,0,30,3,22.53,21.1
01/07/23,2023,7,SKU0018,GROCERY,27806,1,12,0.129,1,31,3,22.53,21.66
01/08/23,2023,8,SKU0018,GROCERY,23222,1,6,0.065,0,31,3,22.53,22.09
01/09/23,2023,9,SKU0018,GROCERY,27260,1,16,0.178,0,30,3,22.53,21.33
01/10/23,2023,10,SKU0018,GROCERY,30101,1,17,0.183,1,31,3,22.53,21.29
01/11/23,2023,11,SKU0018,GROCERY,21941,0,0,0,1,30,3,22.53,22.53
01/12/23,2023,12,SKU0018,GROCERY,21010,0,0,0,1,31,3,22.53,22.53
01/01/24,2024,1,SKU0018,GROCERY,22078,1,23,0.247,1,31,3,22.53,20.86
01/02/24,2024,2,SKU0018,GROCERY,16772,0,0,0,1,29,3,22.53,22.53
01/03/24,2024,3,SKU0018,GROCERY,25269,0,0,0,0,31,3,22.53,22.53
01/04/24,2024,4,SKU0018,GROCERY,33152,1,21,0.233,0,30,3,22.53,20.95
01/05/24,2024,5,SKU0018,GROCERY,33347,1,11,0.118,1,31,3,22.53,21.73
01/06/24,2024,6,SKU0018,GROCERY,34216,1,17,0.189,0,30,3,22.53,21.25
01/07/24,2024,7,SKU0018,GROCERY,30007,1,16,0.172,1,31,3,22.53,21.37
01/08/24,2024,8,SKU0018,GROCERY,26679,1,7,0.075,0,31,3,22.53,22.02
01/09/24,2024,9,SKU0018,GROCERY,26088,1,9,0.1,0,30,3,22.53,21.85
01/10/24,2024,10,SKU0018,GROCERY,30932,1,17,0.183,1,31,3,22.53,21.29
01/11/24,2024,11,SKU0018,GROCERY,26898,0,0,0,1,30,3,22.53,22.53
01/12/24,2024,12,SKU0018,GROCERY,25750,1,15,0.161,1,31,3,22.53,21.44
01/01/25,2025,1,SKU0018,GROCERY,19968,0,0,0,1,31,3,22.53,22.53
01/02/25,2025,2,SKU0018,GROCERY,22608,1,14,0.167,1,28,3,22.53,21.4
01/03/25,2025,3,SKU0018,GROCERY,29507,1,11,0.118,0,31,3,22.53,21.73
01/04/25,2025,4,SKU0018,GROCERY,36403,1,11,0.122,0,30,3,22.53,21.7
01/05/25,2025,5,SKU0018,GROCERY,34432,0,0,0,1,31,3,22.53,22.53
01/06/25,2025,6,SKU0018,GROCERY,38139,1,16,0.178,0,30,3,22.53,21.33
01/07/25,2025,7,SKU0018,GROCERY,30824,0,0,0,1,31,3,22.53,22.53
01/08/25,2025,8,SKU0018,GROCERY,31779,1,10,0.108,0,31,3,22.53,21.8
01/09/25,2025,9,SKU0018,GROCERY,27052,0,0,0,0,30,3,22.53,22.53
01/10/25,2025,10,SKU0018,GROCERY,34449,1,14,0.151,1,31,3,22.53,21.51
01/11/25,2025,11,SKU0018,GROCERY,29664,0,0,0,1,30,3,22.53,22.53
01/12/25,2025,12,SKU0018,GROCERY,30900,1,17,0.183,1,31,3,22.53,21.29
01/01/22,2022,1,SKU0019,GROCERY,12580,1,7,0.075,1,31,3,3.58,3.5
01/02/22,2022,2,SKU0019,GROCERY,11422,1,3,0.036,1,28,3,3.58,3.54
01/03/22,2022,3,SKU0019,GROCERY,14765,0,0,0,0,31,3,3.58,3.58
01/04/22,2022,4,SKU0019,GROCERY,18273,1,5,0.056,0,30,3,3.58,3.52
01/05/22,2022,5,SKU0019,GROCERY,20822,0,0,0,1,31,3,3.58,3.58
01/06/22,2022,6,SKU0019,GROCERY,24586,1,20,0.222,0,30,3,3.58,3.34
01/07/22,2022,7,SKU0019,GROCERY,21452,1,12,0.129,1,31,3,3.58,3.44
01/08/22,2022,8,SKU0019,GROCERY,17374,1,7,0.075,0,31,3,3.58,3.5
01/09/22,2022,9,SKU0019,GROCERY,17748,1,8,0.089,0,30,3,3.58,3.48
01/10/22,2022,10,SKU0019,GROCERY,16954,0,0,0,1,31,3,3.58,3.58
01/11/22,2022,11,SKU0019,GROCERY,22552,1,25,0.278,1,30,3,3.58,3.28
01/12/22,2022,12,SKU0019,GROCERY,15701,0,0,0,1,31,3,3.58,3.58
01/01/23,2023,1,SKU0019,GROCERY,14648,1,16,0.172,1,31,3,3.58,3.4
01/02/23,2023,2,SKU0019,GROCERY,15173,1,15,0.179,1,28,3,3.58,3.39
01/03/23,2023,3,SKU0019,GROCERY,18530,1,10,0.108,0,31,3,3.58,3.46
01/04/23,2023,4,SKU0019,GROCERY,19940,0,0,0,0,30,3,3.58,3.58
01/05/23,2023,5,SKU0019,GROCERY,24958,1,6,0.065,1,31,3,3.58,3.51
01/06/23,2023,6,SKU0019,GROCERY,25435,1,17,0.189,0,30,3,3.58,3.38
01/07/23,2023,7,SKU0019,GROCERY,22153,1,6,0.065,1,31,3,3.58,3.51
01/08/23,2023,8,SKU0019,GROCERY,21184,1,9,0.097,0,31,3,3.58,3.48
01/09/23,2023,9,SKU0019,GROCERY,20667,1,10,0.111,0,30,3,3.58,3.46
01/10/23,2023,10,SKU0019,GROCERY,19709,1,1,0.011,1,31,3,3.58,3.57
01/11/23,2023,11,SKU0019,GROCERY,21007,1,10,0.111,1,30,3,3.58,3.46
01/12/23,2023,12,SKU0019,GROCERY,16708,0,0,0,1,31,3,3.58,3.58
01/01/24,2024,1,SKU0019,GROCERY,15413,0,0,0,1,31,3,3.58,3.58
01/02/24,2024,2,SKU0019,GROCERY,14868,0,0,0,1,29,3,3.58,3.58
01/03/24,2024,3,SKU0019,GROCERY,20986,1,6,0.065,0,31,3,3.58,3.51
01/04/24,2024,4,SKU0019,GROCERY,24597,1,11,0.122,0,30,3,3.58,3.45
01/05/24,2024,5,SKU0019,GROCERY,29678,1,9,0.097,1,31,3,3.58,3.48
01/06/24,2024,6,SKU0019,GROCERY,28566,1,12,0.133,0,30,3,3.58,3.44
01/07/24,2024,7,SKU0019,GROCERY,23525,1,4,0.043,1,31,3,3.58,3.53
01/08/24,2024,8,SKU0019,GROCERY,28406,1,26,0.28,0,31,3,3.58,3.28
01/09/24,2024,9,SKU0019,GROCERY,21139,0,0,0,0,30,3,3.58,3.58
01/10/24,2024,10,SKU0019,GROCERY,26991,1,15,0.161,1,31,3,3.58,3.41
01/11/24,2024,11,SKU0019,GROCERY,21369,0,0,0,1,30,3,3.58,3.58
01/12/24,2024,12,SKU0019,GROCERY,22353,1,10,0.108,1,31,3,3.58,3.46
01/01/25,2025,1,SKU0019,GROCERY,16846,0,0,0,1,31,3,3.58,3.58
01/02/25,2025,2,SKU0019,GROCERY,16511,0,0,0,1,28,3,3.58,3.58
01/03/25,2025,3,SKU0019,GROCERY,26837,1,18,0.194,0,31,3,3.58,3.37
01/04/25,2025,4,SKU0019,GROCERY,27145,1,7,0.078,0,30,3,3.58,3.5
01/05/25,2025,5,SKU0019,GROCERY,33924,1,5,0.054,1,31,3,3.58,3.52
01/06/25,2025,6,SKU0019,GROCERY,30911,1,14,0.156,0,30,3,3.58,3.41
01/07/25,2025,7,SKU0019,GROCERY,25460,0,0,0,1,31,3,3.58,3.58
01/08/25,2025,8,SKU0019,GROCERY,28295,1,12,0.129,0,31,3,3.58,3.44
01/09/25,2025,9,SKU0019,GROCERY,26702,1,10,0.111,0,30,3,3.58,3.46
01/10/25,2025,10,SKU0019,GROCERY,35010,1,27,0.29,1,31,3,3.58,3.27
01/11/25,2025,11,SKU0019,GROCERY,24162,0,0,0,1,30,3,3.58,3.58
01/12/25,2025,12,SKU0019,GROCERY,24823,1,19,0.204,1,31,3,3.58,3.36
01/01/22,2022,1,SKU0020,GROCERY,7865,1,14,0.151,1,31,3,9.15,8.74
01/02/22,2022,2,SKU0020,GROCERY,6599,1,5,0.06,1,28,3,9.15,8.99
01/03/22,2022,3,SKU0020,GROCERY,8735,1,8,0.086,0,31,3,9.15,8.91
01/04/22,2022,4,SKU0020,GROCERY,9721,0,0,0,0,30,3,9.15,9.15
01/05/22,2022,5,SKU0020,GROCERY,11121,1,1,0.011,1,31,3,9.15,9.12
01/06/22,2022,6,SKU0020,GROCERY,12132,1,13,0.144,0,30,3,9.15,8.75
01/07/22,2022,7,SKU0020,GROCERY,10926,1,17,0.183,1,31,3,9.15,8.65
01/08/22,2022,8,SKU0020,GROCERY,10103,1,16,0.172,0,31,3,9.15,8.68
01/09/22,2022,9,SKU0020,GROCERY,8604,1,5,0.056,0,30,3,9.15,9
01/10/22,2022,10,SKU0020,GROCERY,8306,0,0,0,1,31,3,9.15,9.15
01/11/22,2022,11,SKU0020,GROCERY,7920,0,0,0,1,30,3,9.15,9.15
01/12/22,2022,12,SKU0020,GROCERY,8193,1,6,0.065,1,31,3,9.15,8.97
01/01/23,2023,1,SKU0020,GROCERY,7210,1,8,0.086,1,31,3,9.15,8.91
01/02/23,2023,2,SKU0020,GROCERY,6499,0,0,0,1,28,3,9.15,9.15
01/03/23,2023,3,SKU0020,GROCERY,7930,0,0,0,0,31,3,9.15,9.15
01/04/23,2023,4,SKU0020,GROCERY,10080,1,5,0.056,0,30,3,9.15,9
01/05/23,2023,5,SKU0020,GROCERY,11960,1,14,0.151,1,31,3,9.15,8.74
01/06/23,2023,6,SKU0020,GROCERY,10379,1,6,0.067,0,30,3,9.15,8.97
01/07/23,2023,7,SKU0020,GROCERY,10421,1,13,0.14,1,31,3,9.15,8.77
01/08/23,2023,8,SKU0020,GROCERY,8866,1,12,0.129,0,31,3,9.15,8.8
01/09/23,2023,9,SKU0020,GROCERY,8308,1,6,0.067,0,30,3,9.15,8.97
01/10/23,2023,10,SKU0020,GROCERY,8436,0,0,0,1,31,3,9.15,9.15
01/11/23,2023,11,SKU0020,GROCERY,7825,0,0,0,1,30,3,9.15,9.15
01/12/23,2023,12,SKU0020,GROCERY,8531,1,17,0.183,1,31,3,9.15,8.65
01/01/24,2024,1,SKU0020,GROCERY,6186,0,0,0,1,31,3,9.15,9.15
01/02/24,2024,2,SKU0020,GROCERY,7560,1,18,0.207,1,29,3,9.15,8.58
01/03/24,2024,3,SKU0020,GROCERY,7857,0,0,0,0,31,3,9.15,9.15
01/04/24,2024,4,SKU0020,GROCERY,10108,1,10,0.111,0,30,3,9.15,8.85
01/05/24,2024,5,SKU0020,GROCERY,10506,1,3,0.032,1,31,3,9.15,9.06
01/06/24,2024,6,SKU0020,GROCERY,11914,1,25,0.278,0,30,3,9.15,8.39
01/07/24,2024,7,SKU0020,GROCERY,8380,0,0,0,1,31,3,9.15,9.15
01/08/24,2024,8,SKU0020,GROCERY,7817,1,7,0.075,0,31,3,9.15,8.94
01/09/24,2024,9,SKU0020,GROCERY,8724,1,10,0.111,0,30,3,9.15,8.85
01/10/24,2024,10,SKU0020,GROCERY,7785,1,1,0.011,1,31,3,9.15,9.12
01/11/24,2024,11,SKU0020,GROCERY,8459,1,8,0.089,1,30,3,9.15,8.91
01/12/24,2024,12,SKU0020,GROCERY,7116,1,5,0.054,1,31,3,9.15,9
01/01/25,2025,1,SKU0020,GROCERY,6354,1,11,0.118,1,31,3,9.15,8.83
01/02/25,2025,2,SKU0020,GROCERY,5964,1,3,0.036,1,28,3,9.15,9.05
01/03/25,2025,3,SKU0020,GROCERY,7456,0,0,0,0,31,3,9.15,9.15
01/04/25,2025,4,SKU0020,GROCERY,8364,0,0,0,0,30,3,9.15,9.15
01/05/25,2025,5,SKU0020,GROCERY,9837,0,0,0,1,31,3,9.15,9.15
01/06/25,2025,6,SKU0020,GROCERY,8771,1,5,0.056,0,30,3,9.15,9
01/07/25,2025,7,SKU0020,GROCERY,8048,0,0,0,1,31,3,9.15,9.15
01/08/25,2025,8,SKU0020,GROCERY,8902,1,14,0.151,0,31,3,9.15,8.74
01/09/25,2025,9,SKU0020,GROCERY,7591,1,8,0.089,0,30,3,9.15,8.91
01/10/25,2025,10,SKU0020,GROCERY,9196,1,17,0.183,1,31,3,9.15,8.65
01/11/25,2025,11,SKU0020,GROCERY,7709,0,0,0,1,30,3,9.15,9.15
01/12/25,2025,12,SKU0020,GROCERY,6786,1,9,0.097,1,31,3,9.15,8.88
